
tests/core_tests/test_managers.py::TestAgentManager::test_scraper_gets_exclude_url_check_when_config_has_exclude_and_db PASSED [  2%]
tests/core_tests/test_managers.py::TestAgentManager::test_scraper_uses_url_exists_with_content_when_database_manager_set PASSED [  5%]
tests/core_tests/test_managers.py::TestDatabaseManager::test_news_config_property PASSED [  8%]
tests/core_tests/test_managers.py::TestDatabaseManager::test_load_articles_loads_from_database PASSED [ 11%]
tests/core_tests/test_managers.py::TestDatabaseManager::test_load_articles_filters_by_config PASSED [ 14%]
tests/core_tests/test_managers.py::TestDatabaseManager::test_load_articles_handles_empty_content PASSED [ 17%]
tests/core_tests/test_managers.py::TestDatabaseManager::test_load_articles_handles_summary PASSED [ 20%]
tests/core_tests/test_managers.py::TestDatabaseManager::test_update_articles_with_analysis_updates_existing PASSED [ 22%]
tests/core_tests/test_managers.py::TestDatabaseManager::test_update_articles_with_analysis_partial_updates PASSED [ 25%]
tests/core_tests/test_managers.py::TestDatabaseManager::test_update_articles_with_analysis_no_sentiment PASSED [ 28%]
tests/core_tests/test_managers.py::TestDatabaseManager::test_update_articles_with_analysis_nonexistent_article PASSED [ 31%]
tests/core_tests/test_managers.py::TestDatabaseManager::test_update_articles_with_analysis_handles_exception PASSED [ 34%]
tests/core_tests/test_managers.py::TestDatabaseManager::test_has_scraped_today_returns_true_when_articles_exist PASSED [ 37%]
tests/core_tests/test_managers.py::TestDatabaseManager::test_has_scraped_today_returns_false_when_no_articles_today PASSED [ 40%]
tests/core_tests/test_managers.py::TestDatabaseManager::test_has_scraped_today_filters_by_config PASSED [ 42%]
tests/core_tests/test_managers.py::TestDatabaseManager::test_has_scraped_today_handles_exception PASSED [ 45%]
tests/core_tests/test_managers.py::TestDatabaseManager::test_url_exists_with_content_returns_false_when_no_article PASSED [ 48%]
tests/core_tests/test_managers.py::TestDatabaseManager::test_url_exists_with_content_returns_false_when_article_has_no_content PASSED [ 51%]
tests/core_tests/test_managers.py::TestDatabaseManager::test_url_exists_with_content_returns_true_when_article_has_content PASSED [ 54%]
tests/core_tests/test_managers.py::TestDatabaseManager::test_save_articles_backfills_content_for_existing_empty PASSED [ 57%]
tests/core_tests/test_managers.py::TestDatabaseManager::test_url_exists_in_any_config_returns_false_when_empty PASSED [ 60%]
tests/core_tests/test_managers.py::TestDatabaseManager::test_url_exists_in_any_config_returns_true_when_url_in_config PASSED [ 62%]
tests/core_tests/test_managers.py::TestDatabaseManager::test_url_exists_in_any_config_returns_false_when_url_not_in_any PASSED [ 65%]
tests/core_tests/test_managers.py::TestDatabaseManager::test_url_exists_in_any_config_handles_exception PASSED [ 68%]
tests/core_tests/test_managers.py::TestAgentManager::test_scraper_lazy_initialization PASSED [ 71%]
tests/core_tests/test_managers.py::TestAgentManager::test_scraper_exclude_url_check_none_without_config_list PASSED [ 74%]
tests/core_tests/test_managers.py::TestAgentManager::test_scraper_exclude_url_check_none_without_database_manager PASSED [ 77%]
tests/core_tests/test_managers.py::TestAgentManager::test_story_clustering_lazy_initialization PASSED [ 80%]
tests/core_tests/test_managers.py::TestAgentManager::test_summarizer_lazy_initialization PASSED [ 82%]
tests/core_tests/test_managers.py::TestAgentManager::test_sentiment_analyzer_lazy_initialization PASSED [ 85%]
tests/core_tests/test_managers.py::TestAgentManager::test_report_generator_lazy_initialization PASSED [ 88%]
tests/core_tests/test_managers.py::TestAgentManager::test_agents_only_initialized_once PASSED [ 91%]
tests/core_tests/test_managers.py::TestAgentManager::test_get_agent_status_all_not_initialized PASSED [ 94%]
tests/core_tests/test_managers.py::TestAgentManager::test_get_agent_status_all_initialized PASSED [ 97%]
tests/core_tests/test_managers.py::TestAgentManager::test_get_agent_status_partial_initialization PASSED [100%]

============================= 35 passed in 35.62s ==============================
